-- DO NOT EDIT
--
-- This file is automatically generated by protoc-gen-elm.
-- Source: test.proto

module Test.Test exposing (..)

import Json.Decode as Decode
import Json.Decode.Pipeline as Pipeline
import Json.Encode as Encode

type alias User =
    { 
    userId : String,
    userName : String,
    age : Int
    }

userDecoder : Decode.Decoder User
userDecoder =
    Pipeline.decode User
        |> Pipeline.required "userId" Decode.string
        |> Pipeline.required "userName" Decode.string
        |> Pipeline.required "age" Decode.int

userEncoder : User -> Encode.Value
userEncoder user =
    Encode.object
        [ 
            ("userId", Encode.string user.userId),
            ("userName", Encode.string user.userName),
            ("age", Encode.int user.age)
        ]

type alias UserList =
    { 
    users : (List User)
    }

userListDecoder : Decode.Decoder UserList
userListDecoder =
    Pipeline.decode UserList
        |> Pipeline.required "users" (Decode.list userDecoder)

userListEncoder : UserList -> Encode.Value
userListEncoder userList =
    Encode.object
        [ 
            ("users", (Encode.list userEncoder userList.users))
        ]

